CIL op: 0x072 (ldstr)
CIL op: 0x028 (call)
CIL op: 0x026 (pop)
CIL op: 0x002 (ldarg.0)
CIL op: 0x028 (call)
CIL op: 0x020 (ldc.i4)
CIL op: 0x028 (call)
CIL op: 0x028 (call)
CIL op: 0x02a (ret)
Calling method: LibCS.Library.hello(String)
CIL op: 0x072 (ldstr)
CIL op: 0x002 (ldarg.0)
CIL op: 0x028 (call)
CIL op: 0x028 (call)
CIL op: 0x016 (ldc.i4.0)
CIL op: 0x02a (ret)
Calling method: System.String.Format(String,Object)
CIL op: 0x014 (ldnull)
CIL op: 0x002 (ldarg.0)
CIL op: 0x017 (ldc.i4.1)
CIL op: 0x08d (newarr)
CIL op: 0x025 (dup)
CIL op: 0x016 (ldc.i4.0)
CIL op: 0x003 (ldarg.1)
CIL op: 0x0a2 (stelem.ref)
CIL op: 0x028 (call)
CIL op: 0x02a (ret)
Calling method: System.String.Format(IFormatProvider,String,Array)
CIL op: 0x073 (newobj)
CIL op: 0x025 (dup)
CIL op: 0x002 (ldarg.0)
CIL op: 0x003 (ldarg.1)
CIL op: 0x004 (ldarg.2)
CIL op: 0x028 (call)
CIL op: 0x06f (callvirt)
CIL op: 0x02a (ret)
CIL op: 0x002 (ldarg.0)
CIL op: 0x01f (ldc.i4.s)
CIL op: 0x020 (ldc.i4)
CIL op: 0x028 (call)
CIL op: 0x02a (ret)
Calling method: System.Text.StringBuilder..ctor(Int32,Int32)
CIL op: 0x002 (ldarg.0)
CIL op: 0x028 (call)
CIL op: 0x002 (ldarg.0)
CIL op: 0x003 (ldarg.1)
CIL op: 0x018 (ldc.i4.2)
CIL op: 0x028 (call)
CIL op: 0x07d (stfld)
CIL op: 0x002 (ldarg.0)
CIL op: 0x016 (ldc.i4.0)
CIL op: 0x07d (stfld)
CIL op: 0x002 (ldarg.0)
CIL op: 0x002 (ldarg.0)
CIL op: 0x07b (ldfld)
CIL op: 0x08d (newarr)
CIL op: 0x07d (stfld)
CIL op: 0x02a (ret)
Calling method: System.Object..ctor()
CIL op: 0x02a (ret)
Calling method: System.Math.Max(Int32,Int32)
CIL op: 0x002 (ldarg.0)
CIL op: 0x003 (ldarg.1)
CIL op: 0x030 (bgt.s)
CIL op: 0x003 (ldarg.1)
CIL op: 0x02a (ret)
CIL op: 0x002 (ldarg.0)
CIL op: 0x02a (ret)
Calling method: System.StringHelper.FormatHelper(StringBuilder,IFormatProvider,String,Array)
CIL op: 0x004 (ldarg.2)
CIL op: 0x02c (brfalse.s)
CIL op: 0x005 (ldarg.3)
CIL op: 0x02d (brtrue.s)
CIL op: 0x073 (newobj)
CIL op: 0x07a (throw)
CIL op: 0x016 (ldc.i4.0)
CIL op: 0x00a (stloc.0)
CIL op: 0x016 (ldc.i4.0)
CIL op: 0x00b (stloc.1)
CIL op: 0x004 (ldarg.2)
CIL op: 0x06f (callvirt)
CIL op: 0x00c (stloc.2)
CIL op: 0x038 (br)
CIL op: 0x004 (ldarg.2)
CIL op: 0x006 (ldloc.0)
CIL op: 0x025 (dup)
CIL op: 0x017 (ldc.i4.1)
CIL op: 0x058 (add)
CIL op: 0x00a (stloc.0)
CIL op: 0x06f (callvirt)
CIL op: 0x00d (stloc.3)
CIL op: 0x009 (ldloc.3)
CIL op: 0x01f (ldc.i4.s)
CIL op: 0x040 (bne.un)
CIL op: 0x002 (ldarg.0)
CIL op: 0x004 (ldarg.2)
CIL op: 0x007 (ldloc.1)
CIL op: 0x006 (ldloc.0)
CIL op: 0x007 (ldloc.1)
CIL op: 0x059 (sub)
CIL op: 0x017 (ldc.i4.1)
CIL op: 0x059 (sub)
CIL op: 0x06f (callvirt)
CIL op: 0x026 (pop)
CIL op: 0x004 (ldarg.2)
CIL op: 0x006 (ldloc.0)
CIL op: 0x06f (callvirt)
CIL op: 0x01f (ldc.i4.s)
CIL op: 0x033 (bne.un.s)
CIL op: 0x006 (ldloc.0)
CIL op: 0x025 (dup)
CIL op: 0x017 (ldc.i4.1)
CIL op: 0x058 (add)
CIL op: 0x00a (stloc.0)
CIL op: 0x00b (stloc.1)
CIL op: 0x038 (br)
CIL op: 0x004 (ldarg.2)
CIL op: 0x012 (ldloca.s)
CIL op: 0x012 (ldloca.s)
CIL op: 0x012 (ldloca.s)
CIL op: 0x012 (ldloca.s)
CIL op: 0x012 (ldloca.s)
CIL op: 0x028 (call)
CIL op: 0x011 (ldloc.s)
CIL op: 0x005 (ldarg.3)
CIL op: 0x08e (ldlen)
CIL op: 0x069 (conv.i4)
CIL op: 0x032 (blt.s)
CIL op: 0x072 (ldstr)
CIL op: 0x073 (newobj)
CIL op: 0x07a (throw)
CIL op: 0x005 (ldarg.3)
CIL op: 0x011 (ldloc.s)
CIL op: 0x09a (ldelem.ref)
CIL op: 0x013 (stloc.s)
CIL op: 0x014 (ldnull)
CIL op: 0x013 (stloc.s)
CIL op: 0x003 (ldarg.1)
CIL op: 0x02c (brfalse.s)
CIL op: 0x003 (ldarg.1)
CIL op: 0x0d0 (ldtoken)
CIL op: 0x028 (call)
CIL op: 0x06f (callvirt)
CIL op: 0x075 (isinst)
CIL op: 0x013 (stloc.s)
CIL op: 0x011 (ldloc.s)
CIL op: 0x02d (brtrue.s)
CIL op: 0x07e (ldsfld)
CIL op: 0x013 (stloc.s)
CIL op: 0x02b (br.s)
CIL op: 0x011 (ldloc.s)
CIL op: 0x02c (brfalse.s)
CIL op: 0x011 (ldloc.s)
CIL op: 0x011 (ldloc.s)
CIL op: 0x011 (ldloc.s)
CIL op: 0x003 (ldarg.1)
CIL op: 0x06f (callvirt)
CIL op: 0x013 (stloc.s)
CIL op: 0x02b (br.s)
CIL op: 0x011 (ldloc.s)
CIL op: 0x075 (isinst)
CIL op: 0x02c (brfalse.s)
CIL op: 0x011 (ldloc.s)
CIL op: 0x074 (castclass)
CIL op: 0x011 (ldloc.s)
CIL op: 0x003 (ldarg.1)
CIL op: 0x06f (callvirt)
CIL op: 0x013 (stloc.s)
CIL op: 0x02b (br.s)
CIL op: 0x011 (ldloc.s)
CIL op: 0x06f (callvirt)
CIL op: 0x013 (stloc.s)
CIL op: 0x011 (ldloc.s)
CIL op: 0x011 (ldloc.s)
CIL op: 0x06f (callvirt)
CIL op: 0x031 (ble.s)
CIL op: 0x011 (ldloc.s)
CIL op: 0x011 (ldloc.s)
CIL op: 0x06f (callvirt)
CIL op: 0x059 (sub)
CIL op: 0x013 (stloc.s)
CIL op: 0x011 (ldloc.s)
CIL op: 0x02c (brfalse.s)
CIL op: 0x002 (ldarg.0)
CIL op: 0x011 (ldloc.s)
CIL op: 0x06f (callvirt)
CIL op: 0x026 (pop)
CIL op: 0x002 (ldarg.0)
CIL op: 0x01f (ldc.i4.s)
CIL op: 0x011 (ldloc.s)
CIL op: 0x06f (callvirt)
CIL op: 0x026 (pop)
CIL op: 0x02b (br.s)
CIL op: 0x002 (ldarg.0)
CIL op: 0x01f (ldc.i4.s)
CIL op: 0x011 (ldloc.s)
CIL op: 0x06f (callvirt)
CIL op: 0x026 (pop)
CIL op: 0x002 (ldarg.0)
CIL op: 0x011 (ldloc.s)
CIL op: 0x06f (callvirt)
CIL op: 0x026 (pop)
CIL op: 0x02b (br.s)
CIL op: 0x002 (ldarg.0)
CIL op: 0x011 (ldloc.s)
CIL op: 0x06f (callvirt)
CIL op: 0x026 (pop)
CIL op: 0x006 (ldloc.0)
CIL op: 0x00b (stloc.1)
CIL op: 0x02b (br.s)
CIL op: 0x009 (ldloc.3)
CIL op: 0x01f (ldc.i4.s)
CIL op: 0x033 (bne.un.s)
CIL op: 0x006 (ldloc.0)
CIL op: 0x008 (ldloc.2)
CIL op: 0x02f (bge.s)
CIL op: 0x004 (ldarg.2)
CIL op: 0x006 (ldloc.0)
CIL op: 0x06f (callvirt)
CIL op: 0x01f (ldc.i4.s)
CIL op: 0x033 (bne.un.s)
CIL op: 0x002 (ldarg.0)
CIL op: 0x004 (ldarg.2)
CIL op: 0x007 (ldloc.1)
CIL op: 0x006 (ldloc.0)
CIL op: 0x007 (ldloc.1)
CIL op: 0x059 (sub)
CIL op: 0x017 (ldc.i4.1)
CIL op: 0x059 (sub)
CIL op: 0x06f (callvirt)
CIL op: 0x026 (pop)
CIL op: 0x006 (ldloc.0)
CIL op: 0x025 (dup)
CIL op: 0x017 (ldc.i4.1)
CIL op: 0x058 (add)
CIL op: 0x00a (stloc.0)
CIL op: 0x00b (stloc.1)
CIL op: 0x02b (br.s)
CIL op: 0x072 (ldstr)
CIL op: 0x073 (newobj)
CIL op: 0x07a (throw)
CIL op: 0x006 (ldloc.0)
CIL op: 0x008 (ldloc.2)
CIL op: 0x03f (blt)
CIL op: 0x007 (ldloc.1)
CIL op: 0x008 (ldloc.2)
CIL op: 0x02f (bge.s)
CIL op: 0x002 (ldarg.0)
CIL op: 0x004 (ldarg.2)
CIL op: 0x007 (ldloc.1)
CIL op: 0x008 (ldloc.2)
CIL op: 0x007 (ldloc.1)
CIL op: 0x059 (sub)
CIL op: 0x06f (callvirt)
CIL op: 0x026 (pop)
CIL op: 0x02a (ret)
Calling method: System.String.get_Length()
CIL op: 0x002 (ldarg.0)
CIL op: 0x07b (ldfld)
CIL op: 0x02a (ret)
Calling method: System.String.get_Chars(Int32)
Calling method: System.String.get_Chars(Int32)
Calling method: System.String.get_Chars(Int32)
Calling method: System.String.get_Chars(Int32)
Calling method: System.String.get_Chars(Int32)
Calling method: System.String.get_Chars(Int32)
Calling method: System.String.get_Chars(Int32)
Calling method: System.Text.StringBuilder.Append(String,Int32,Int32)
CIL op: 0x003 (ldarg.1)
CIL op: 0x02d (brtrue.s)
CIL op: 0x002 (ldarg.0)
CIL op: 0x02a (ret)
CIL op: 0x004 (ldarg.2)
CIL op: 0x016 (ldc.i4.0)
CIL op: 0x032 (blt.s)
CIL op: 0x005 (ldarg.3)
CIL op: 0x016 (ldc.i4.0)
CIL op: 0x032 (blt.s)
CIL op: 0x003 (ldarg.1)
CIL op: 0x06f (callvirt)
CIL op: 0x004 (ldarg.2)
CIL op: 0x005 (ldarg.3)
CIL op: 0x058 (add)
CIL op: 0x02f (bge.s)
CIL op: 0x073 (newobj)
CIL op: 0x07a (throw)
CIL op: 0x002 (ldarg.0)
CIL op: 0x005 (ldarg.3)
CIL op: 0x028 (call)
CIL op: 0x016 (ldc.i4.0)
CIL op: 0x00a (stloc.0)
CIL op: 0x02b (br.s)
CIL op: 0x002 (ldarg.0)
CIL op: 0x07b (ldfld)
CIL op: 0x002 (ldarg.0)
CIL op: 0x002 (ldarg.0)
CIL op: 0x07b (ldfld)
CIL op: 0x00b (stloc.1)
CIL op: 0x007 (ldloc.1)
CIL op: 0x017 (ldc.i4.1)
CIL op: 0x058 (add)
CIL op: 0x07d (stfld)
CIL op: 0x007 (ldloc.1)
CIL op: 0x003 (ldarg.1)
CIL op: 0x004 (ldarg.2)
CIL op: 0x006 (ldloc.0)
CIL op: 0x058 (add)
CIL op: 0x06f (callvirt)
CIL op: 0x09d (stelem.i2)
CIL op: 0x006 (ldloc.0)
CIL op: 0x017 (ldc.i4.1)
CIL op: 0x058 (add)
CIL op: 0x00a (stloc.0)
CIL op: 0x006 (ldloc.0)
CIL op: 0x005 (ldarg.3)
CIL op: 0x032 (blt.s)
CIL op: 0x002 (ldarg.0)
CIL op: 0x02a (ret)
Calling method: System.String.get_Length()
Calling method: System.Text.StringBuilder.EnsureSpace(Int32)
CIL op: 0x002 (ldarg.0)
CIL op: 0x07b (ldfld)
CIL op: 0x003 (ldarg.1)
CIL op: 0x058 (add)
CIL op: 0x002 (ldarg.0)
CIL op: 0x07b (ldfld)
CIL op: 0x031 (ble.s)
CIL op: 0x002 (ldarg.0)
CIL op: 0x002 (ldarg.0)
CIL op: 0x07b (ldfld)
CIL op: 0x017 (ldc.i4.1)
CIL op: 0x062 (shl)
CIL op: 0x07d (stfld)
CIL op: 0x002 (ldarg.0)
CIL op: 0x07b (ldfld)
CIL op: 0x002 (ldarg.0)
CIL op: 0x07b (ldfld)
CIL op: 0x003 (ldarg.1)
CIL op: 0x058 (add)
CIL op: 0x032 (blt.s)
CIL op: 0x002 (ldarg.0)
CIL op: 0x07b (ldfld)
CIL op: 0x08d (newarr)
CIL op: 0x00a (stloc.0)
CIL op: 0x002 (ldarg.0)
CIL op: 0x07b (ldfld)
CIL op: 0x016 (ldc.i4.0)
CIL op: 0x006 (ldloc.0)
CIL op: 0x016 (ldc.i4.0)
CIL op: 0x002 (ldarg.0)
CIL op: 0x07b (ldfld)
CIL op: 0x028 (call)
CIL op: 0x002 (ldarg.0)
CIL op: 0x006 (ldloc.0)
CIL op: 0x07d (stfld)
CIL op: 0x02a (ret)
The program has unexpectedly finished.